// Jest Snapshot v1, https://goo.gl/fbAQLP

exports[`Test the Login Form Component should match snapshot 1`] = `
<Fragment>
  <img
    alt="store logo"
    className="storeLogo"
    src="test-file-stub"
  />
  <div
    className="row formContainer"
  >
    <div
      className="col-5 col-s-5 "
    >
      <Form
        as="form"
        className="loginForm"
        onSubmit={[Function]}
      >
        <FormField
          className="loginField"
        >
          <input
            id="userEmail"
            onChange={[Function]}
            placeholder="Email"
            required={true}
            type="email"
          />
        </FormField>
        <FormField
          className="loginField"
        >
          <input
            id="userPassword"
            onChange={[Function]}
            placeholder="Password"
            required={true}
            type="password"
          />
        </FormField>
        <Button
          as="button"
          className="loginButton"
          type="submit"
        >
          Submit
        </Button>
      </Form>
    </div>
    <img
      alt="Background graphics"
      className="col-5 col-s-5 customer"
      src="test-file-stub"
    />
  </div>
</Fragment>
`;

exports[`Test the Login Form Component should match snapshot 2`] = `
<Redirect
  push={false}
  to="/"
/>
`;
