// Jest Snapshot v1, https://goo.gl/fbAQLP

exports[`Test the ProductForm Component should match snapshot 1`] = `
<Form
  as="form"
  className="modalForm"
>
  <FormField
    className="formField"
  >
    <input
      placeholder="Product Name"
      value="John Doe"
    />
  </FormField>
  <FormField
    className="formField"
  >
    <Select
      onClick={[Function]}
      options={
        Array [
          Object {
            "text": "categoryname1",
            "value": 2,
          },
          Object {
            "text": "categoryname1",
            "value": 2,
          },
        ]
      }
      placeholder="Select a Category"
    />
  </FormField>
  <FormField
    className="formField"
  >
    <input
      placeholder="Image URL (example:https://exampleimageurl.jpg)"
      typeof="url"
      value="https://i.imgur.com/27DUH5b.jpg"
    />
    <a
      href="https://imgur.com/"
      rel="noopener noreferrer"
      target="_blank"
    >
      Upload image here
    </a>
  </FormField>
  <FormField
    className="formField"
  >
    <input
      placeholder="Price"
      typeof="number"
      value={300}
    />
  </FormField>
  <FormField
    className="formField"
  >
    <input
      placeholder="Quantity"
      typeof="number"
      value={3}
    />
  </FormField>
  <FormTextArea
    as={[Function]}
    className="formField"
    control={[Function]}
    placeholder="Short Description"
    value="admin@mail.com"
  />
  <Button
    as="button"
    type="submit"
  >
    Submit
  </Button>
</Form>
`;
