// Jest Snapshot v1, https://goo.gl/fbAQLP

exports[`Test the Attendant Component should match snapshot 1`] = `
<Redirect
  push={false}
  to="/login"
/>
`;

exports[`Test the Product Component should match snapshot 1`] = `
<Navbar
  displayPage={
    Array [
      <InfoCards
        currentPage="product"
        description=""
        imageUrl=""
        mobileNumber=""
        nameToDisplay=""
        userRole=""
      />,
    ]
  }
/>
`;
