// Jest Snapshot v1, https://goo.gl/fbAQLP

exports[`Test the Attendant Component should match snapshot 1`] = `
<Redirect
  push={false}
  to="/login"
/>
`;

exports[`Test the Product Component should match snapshot 1`] = `
<Navbar
  currentPage="product"
  displayPage={
    Array [
      <Connect(InfoCards)
        currentPage="product"
      />,
    ]
  }
/>
`;
