// Jest Snapshot v1, https://goo.gl/fbAQLP

exports[`Test the Category Component should match snapshot 1`] = `
<Navbar
  displayPage={
    <InfoCards
      currentPage="category"
      description="this is a category description"
      imageUrl="https://i.imgur.com/UBDlxxg.jpg"
      mobileNumber=""
      nameToDisplay="categoryName"
      userRole="admin"
    />
  }
/>
`;
