// Jest Snapshot v1, https://goo.gl/fbAQLP

exports[`Test the Attendant Component should match snapshot 1`] = `
<Redirect
  push={false}
  to="/login"
/>
`;

exports[`Test the Category Component should match snapshot 1`] = `
<Navbar
  displayPage={
    Array [
      <InfoCards
        currentPage="category"
        description=""
        imageUrl="imageurl"
        mobileNumber=""
        nameToDisplay=""
        userRole=""
      />,
    ]
  }
/>
`;
